../Core/Src/main.c:31:6:HAL_UART_TxCpltCallback	16	static
../Core/Src/main.c:37:6:HAL_UART_RxCpltCallback	16	static
../Core/Src/main.c:50:5:main	8	static
../Core/Src/main.c:70:6:lcd_init	8	static
../Core/Src/main.c:83:6:lcd_send_cmd	32	static
../Core/Src/main.c:96:6:lcd_send_data	32	static
../Core/Src/main.c:109:6:lcd_send_string	16	static
../Core/Src/main.c:115:6:uart_init	40	static
../Core/Src/main.c:155:13:MX_I2C1_Init	8	static
../Core/Src/main.c:184:6:Error_Handler	4	static,ignoring_inline_asm
